// Vitest Snapshot v1, https://vitest.dev/guide/snapshot.html

exports[`Button > matches snapshot 1`] = `
<DocumentFragment>
  <button
    class="sc-bcXHqe fLEOWP"
    color="white"
    label="Click me"
  >
    Click me
  </button>
</DocumentFragment>
`;
